../../Middlewares/ST/touchgfx/framework/include/touchgfx/Screen.hpp:104:18:virtual void touchgfx::Screen::afterTransition()	0	static
../../Middlewares/ST/touchgfx/framework/include/touchgfx/Screen.hpp:144:18:virtual void touchgfx::Screen::handleTickEvent()	0	static
../../Middlewares/ST/touchgfx/framework/include/touchgfx/Screen.hpp:154:18:virtual void touchgfx::Screen::handleKeyEvent(uint8_t)	0	static
C:/TouchGFXProjects/MyApplication_4/TouchGFX/gui/src/screen2_screen/Screen2View.cpp:15:6:virtual void Screen2View::tearDownScreen()	0	static
C:/TouchGFXProjects/MyApplication_4/TouchGFX/gui/src/screen2_screen/Screen2View.cpp:32:6:virtual void Screen2View::buttonClicked()	0	static
../../TouchGFX/gui/include/gui/screen2_screen/Screen2View.hpp:11:13:Screen2View::~Screen2View()	8	static
../../TouchGFX/gui/include/gui/screen2_screen/Screen2View.hpp:11:13:virtual Screen2View::~Screen2View()	8	static
C:/TouchGFXProjects/MyApplication_4/TouchGFX/gui/src/screen2_screen/Screen2View.cpp:5:1:Screen2View::Screen2View()	8	static
C:/TouchGFXProjects/MyApplication_4/TouchGFX/gui/src/screen2_screen/Screen2View.cpp:10:6:virtual void Screen2View::setupScreen()	0	static
C:/TouchGFXProjects/MyApplication_4/TouchGFX/gui/src/screen2_screen/Screen2View.cpp:20:6:void Screen2View::displayScore(int)	8	static
C:/TouchGFXProjects/MyApplication_4/TouchGFX/gui/src/screen2_screen/Screen2View.cpp:26:6:void Screen2View::displayHighScore(int)	8	static
