C:/TouchGFXProjects/MyApplication_4/Core/Src/main.c:972:13:SPI5_Write	1
C:/TouchGFXProjects/MyApplication_4/Core/Src/main.c:162:6:microDelay	2
C:/TouchGFXProjects/MyApplication_4/Core/Src/main.c:168:9:getHX711	5
C:/TouchGFXProjects/MyApplication_4/Core/Src/main.c:195:5:weigh	1
C:/TouchGFXProjects/MyApplication_4/Core/Src/main.c:1084:6:StartDefaultTask	1
C:/TouchGFXProjects/MyApplication_4/Core/Src/main.c:313:6:SystemClock_Config	1
C:/TouchGFXProjects/MyApplication_4/Core/Src/main.c:216:5:main	1
C:/TouchGFXProjects/MyApplication_4/Core/Src/main.c:816:6:IOE_Init	1
C:/TouchGFXProjects/MyApplication_4/Core/Src/main.c:825:6:IOE_ITConfig	1
C:/TouchGFXProjects/MyApplication_4/Core/Src/main.c:837:6:IOE_Write	1
C:/TouchGFXProjects/MyApplication_4/Core/Src/main.c:848:9:IOE_Read	1
C:/TouchGFXProjects/MyApplication_4/Core/Src/main.c:861:10:IOE_ReadMultiple	1
C:/TouchGFXProjects/MyApplication_4/Core/Src/main.c:870:6:IOE_Delay	1
C:/TouchGFXProjects/MyApplication_4/Core/Src/main.c:998:6:LCD_IO_Init	1
C:/TouchGFXProjects/MyApplication_4/Core/Src/main.c:1008:6:LCD_IO_WriteData	1
C:/TouchGFXProjects/MyApplication_4/Core/Src/main.c:1024:6:LCD_IO_WriteReg	1
C:/TouchGFXProjects/MyApplication_4/Core/Src/main.c:1043:10:LCD_IO_ReadData	1
C:/TouchGFXProjects/MyApplication_4/Core/Src/main.c:1070:6:LCD_Delay	1
C:/TouchGFXProjects/MyApplication_4/Core/Src/main.c:1140:6:HAL_TIM_PeriodElapsedCallback	2
C:/TouchGFXProjects/MyApplication_4/Core/Src/main.c:1157:6:Error_Handler	1
