C:/TouchGFXProjects/MyApplication_4/Core/Src/main.c:972:13:SPI5_Write	16	static
C:/TouchGFXProjects/MyApplication_4/Core/Src/main.c:162:6:microDelay	0	static
C:/TouchGFXProjects/MyApplication_4/Core/Src/main.c:168:9:getHX711	16	static
C:/TouchGFXProjects/MyApplication_4/Core/Src/main.c:195:5:weigh	8	static
C:/TouchGFXProjects/MyApplication_4/Core/Src/main.c:1084:6:StartDefaultTask	16	static
C:/TouchGFXProjects/MyApplication_4/Core/Src/main.c:313:6:SystemClock_Config	96	static
C:/TouchGFXProjects/MyApplication_4/Core/Src/main.c:216:5:main	120	static
C:/TouchGFXProjects/MyApplication_4/Core/Src/main.c:816:6:IOE_Init	0	static
C:/TouchGFXProjects/MyApplication_4/Core/Src/main.c:825:6:IOE_ITConfig	0	static
C:/TouchGFXProjects/MyApplication_4/Core/Src/main.c:837:6:IOE_Write	32	static
C:/TouchGFXProjects/MyApplication_4/Core/Src/main.c:848:9:IOE_Read	32	static
C:/TouchGFXProjects/MyApplication_4/Core/Src/main.c:861:10:IOE_ReadMultiple	24	static
C:/TouchGFXProjects/MyApplication_4/Core/Src/main.c:870:6:IOE_Delay	0	static
C:/TouchGFXProjects/MyApplication_4/Core/Src/main.c:998:6:LCD_IO_Init	8	static
C:/TouchGFXProjects/MyApplication_4/Core/Src/main.c:1008:6:LCD_IO_WriteData	16	static
C:/TouchGFXProjects/MyApplication_4/Core/Src/main.c:1024:6:LCD_IO_WriteReg	16	static
C:/TouchGFXProjects/MyApplication_4/Core/Src/main.c:1043:10:LCD_IO_ReadData	32	static
C:/TouchGFXProjects/MyApplication_4/Core/Src/main.c:1070:6:LCD_Delay	0	static
C:/TouchGFXProjects/MyApplication_4/Core/Src/main.c:1140:6:HAL_TIM_PeriodElapsedCallback	0	static
C:/TouchGFXProjects/MyApplication_4/Core/Src/main.c:1157:6:Error_Handler	0	static
